[06Sep2026 15:22:36.641] [main/INFO] [net.neoforged.fml.startup.Entrypoint/]: JVM Uptime at startup: 5905ms
[06Sep2026 15:22:36.668] [main/INFO] [net.neoforged.fml.loading.FMLLoader/]: Starting FancyModLoader version 11.0.15 (CLIENT in DEV)
[06Sep2026 15:22:36.668] [main/INFO] [net.neoforged.fml.loading.FMLLoader/]: Game directory: /Volumes/usb/ferritymod/run
[06Sep2026 15:22:36.802] [main/INFO] [net.neoforged.fml.loading.EarlyServiceDiscovery/]: Found 2 early service jars (out of 102) in 35ms
[06Sep2026 15:22:36.804] [main/INFO] [net.neoforged.fml.loading.FMLLoader/]: Loading FML Early Services:
[06Sep2026 15:22:36.805] [main/INFO] [net.neoforged.fml.loading.FMLLoader/]:  - /Users/vihaan/.mcreator/gradle/caches/modules-2/files-2.1/net.neoforged.fancymodloader/earlydisplay/11.0.15/b254aa4ec40828f8ce65411dcb7fb9f6ce008064/earlydisplay-11.0.15.jar
[06Sep2026 15:22:36.806] [main/INFO] [net.neoforged.fml.loading.FMLLoader/]:  - /Users/vihaan/.mcreator/gradle/caches/modules-2/files-2.1/net.neoforged.fancymodloader/loader/11.0.15/69ddd98736a6b095783523404d1af8992842722/loader-11.0.15.jar
[06Sep2026 15:22:36.815] [main/INFO] [net.neoforged.fml.loading.ImmediateWindowHandler/]: Loading ImmediateWindowProvider fmlearlywindow
[06Sep2026 15:22:38.028] [main/WARN] [EARLYDISPLAY/]: Failed to set window icon: [0x1000C] Cocoa: Regular windows do not have icons on macOS
[06Sep2026 15:22:38.310] [ForkJoinPool.commonPool-worker-3/INFO] [net.neoforged.fml.loading.moddiscovery.locators.GameLocator/]: Detected a joined NeoForge and Minecraft configuration. Applying filtering...
[06Sep2026 15:22:38.417] [fml-loadingscreen/INFO] [net.neoforged.fml.earlydisplay.render.LoadingScreenRenderer/]: GL info: Intel(R) HD Graphics 6000 GL version 4.1 INTEL-18.8.16, Intel Inc.
[06Sep2026 15:22:38.564] [ForkJoinPool.commonPool-worker-3/INFO] [net.neoforged.fml.loading.moddiscovery.locators.InDevFolderLocator/CORE]: Got mod coordinates mcreator%%/Volumes/usb/ferritymod/build/classes/java/main:mcreator%%/Volumes/usb/ferritymod/build/resources/main from env
[06Sep2026 15:22:39.056] [ForkJoinPool.commonPool-worker-3/INFO] [net.neoforged.fml.loading.moddiscovery.locators.JarInJarDependencyLocator/]: Found 2 dependencies adding them to mods collection
[06Sep2026 15:22:39.066] [ForkJoinPool.commonPool-worker-3/INFO] [net.neoforged.fml.loading.moddiscovery.ModDiscoverer/]: 
     Mod List:
		Name Version (Mod Id)

		Ferrity 0.1.1 (ferritymod)
		Minecraft 26.1.2 (minecraft)
		NeoForge 26.1.2.95 (neoforge)
[06Sep2026 15:22:39.894] [main/INFO] [mixin/]: SpongePowered MIXIN Subsystem Version=0.8.7 Source=file:/Users/vihaan/.mcreator/gradle/caches/modules-2/files-2.1/net.fabricmc/sponge-mixin/0.17.3+mixin.0.8.7/41c4a3984a80f4679e759fb9f495587acc5cdac7/sponge-mixin-0.17.3+mixin.0.8.7.jar Service=FML Env=CLIENT
[06Sep2026 15:22:39.954] [main/INFO] [net.neoforged.fml.loading.FMLLoader/]: Loading FML Plugins:
[06Sep2026 15:22:39.954] [main/INFO] [net.neoforged.fml.loading.FMLLoader/]:  - /Users/vihaan/.mcreator/gradle/caches/modules-2/files-2.1/net.neoforged/neoforge/26.1.2.95/b2c6a32bb07fe4e8f919bfb76cf1645be0a17b48/neoforge-26.1.2.95-universal.jar > net.neoforged.neoforge-coremods-26.1.2.95.jar
[06Sep2026 15:22:40.150] [main/INFO] [net.neoforged.fml.loading.FMLLoader/]: Building game content classloader:
 - ferritymod (composite(folder(/Volumes/usb/ferritymod/build/classes/java/main), folder(/Volumes/usb/ferritymod/build/resources/main)))
 - minecraft (composite(filtered(jar(/Volumes/usb/ferritymod/build/moddev/artifacts/minecraft-patched-26.1.2.95.jar)), filtered(jar(/Volumes/usb/ferritymod/build/moddev/artifacts/minecraft-patched-26.1.2.95.jar))))
 - mixinextras.neoforge (jar(/Users/vihaan/.mcreator/gradle/caches/modules-2/files-2.1/net.neoforged/neoforge/26.1.2.95/b2c6a32bb07fe4e8f919bfb76cf1645be0a17b48/neoforge-26.1.2.95-universal.jar > mixinextras-neoforge-0.5.4.jar))
 - neoforge (composite(filtered(jar(/Users/vihaan/.mcreator/gradle/caches/modules-2/files-2.1/net.neoforged/neoforge/26.1.2.95/b2c6a32bb07fe4e8f919bfb76cf1645be0a17b48/neoforge-26.1.2.95-universal.jar))))
 - net.neoforged.fml.generated (empty(VirtualJar/net.neoforged.fml.generated))
[06Sep2026 15:22:40.182] [main/INFO] [net.neoforged.fml.loading.FMLLoader/]: Built game content classloader in 56ms
[06Sep2026 15:22:44.556] [Datafixer Bootstrap/INFO] [com.mojang.datafixers.DataFixerBuilder/]: 294 Datafixer optimizations took 1759 milliseconds
[06Sep2026 15:22:45.072] [pool-6-thread-1/INFO] [MixinExtras|Service/]: Initializing MixinExtras via com.llamalad7.mixinextras.service.MixinExtrasServiceImpl(version=0.5.4).
[06Sep2026 15:23:00.796] [main/WARN] [net.minecraft.commands.Commands/]: Ambiguity between arguments [teleport, location] and [teleport, destination] with inputs: [0.1 -0.5 .9, 0 0 0]
[06Sep2026 15:23:00.810] [main/WARN] [net.minecraft.commands.Commands/]: Ambiguity between arguments [teleport, location] and [teleport, targets] with inputs: [0.1 -0.5 .9, 0 0 0]
[06Sep2026 15:23:00.818] [main/WARN] [net.minecraft.commands.Commands/]: Ambiguity between arguments [teleport, destination] and [teleport, targets] with inputs: [Player, 0123, @e, dd12be42-52a9-4a91-a8a1-11c01849e498]
[06Sep2026 15:23:00.823] [main/WARN] [net.minecraft.commands.Commands/]: Ambiguity between arguments [teleport, targets] and [teleport, destination] with inputs: [Player, 0123, dd12be42-52a9-4a91-a8a1-11c01849e498]
[06Sep2026 15:23:00.826] [main/WARN] [net.minecraft.commands.Commands/]: Ambiguity between arguments [teleport, targets, location] and [teleport, targets, destination] with inputs: [0.1 -0.5 .9, 0 0 0]
[06Sep2026 15:23:00.829] [main/WARN] [net.minecraft.commands.Commands/]: Ambiguity between arguments [time, set, time] and [time, set, timemarker] with inputs: [0, 0s, 0d, 0t]
[06Sep2026 15:23:00.833] [main/WARN] [net.minecraft.commands.Commands/]: Ambiguity between arguments [time, set, timemarker] and [time, set, time] with inputs: [012]
[06Sep2026 15:23:00.838] [main/WARN] [net.minecraft.commands.Commands/]: Ambiguity between arguments [time, of, clock, set, time] and [time, of, clock, set, timemarker] with inputs: [0, 0s, 0d, 0t]
[06Sep2026 15:23:00.842] [main/WARN] [net.minecraft.commands.Commands/]: Ambiguity between arguments [time, of, clock, set, timemarker] and [time, of, clock, set, time] with inputs: [012]
[06Sep2026 15:23:00.846] [main/WARN] [net.minecraft.commands.Commands/]: Ambiguity between arguments [waypoint, modify, waypoint, color, reset] and [waypoint, modify, waypoint, color, color] with inputs: [reset]
[06Sep2026 15:23:01.319] [modloading-worker-0/INFO] [net.neoforged.neoforge.common.NeoForgeMod/NEOFORGE-MOD]: NeoForge mod loading, version 26.1.2.95, for MC 26.1.2
[06Sep2026 15:23:03.439] [Render thread/INFO] [com.mojang.authlib.yggdrasil.YggdrasilAuthenticationService/]: Environment: Environment[sessionHost=https://sessionserver.mojang.com, servicesHost=https://api.minecraftservices.com, profilesHost=https://api.mojang.com, name=PROD]
[06Sep2026 15:23:03.496] [Render thread/INFO] [net.minecraft.client.Minecraft/]: Setting user: Dev
[06Sep2026 15:23:03.737] [Render thread/INFO] [net.minecraft.client.Minecraft/]: Backend library: LWJGL version 3.4.1+2
[06Sep2026 15:23:04.581] [Render thread/INFO] [net.minecraft.client.Minecraft/]: Using optional rendering extensions: GL_EXT_texture_filter_anisotropic
[06Sep2026 15:23:06.491] [Render thread/INFO] [net.minecraft.server.packs.resources.ReloadableResourceManager/]: Reloading ResourceManager: vanilla, mod_resources, mod/neoforge, mod/ferritymod
[06Sep2026 15:23:08.496] [resourceLoad/INFO] [net.minecraft.client.gui.font.providers.UnihexProvider/]: Found unifont_all_no_pua-17.0.01.hex, loading
[06Sep2026 15:23:08.505] [resourceLoad/INFO] [net.minecraft.client.gui.font.providers.UnihexProvider/]: Found unifont_pua-17.0.01.hex, loading
[06Sep2026 15:23:08.962] [resourceLoad/INFO] [net.minecraft.client.gui.font.providers.UnihexProvider/]: Found unifont_jp_patch-17.0.01.hex, loading
[06Sep2026 15:23:10.850] [resourceLoad/WARN] [net.minecraft.client.resources.model.ModelDiscovery/]: Missing block model: ferritymod:item/ferrity_spawn_egg
[06Sep2026 15:23:12.700] [Render thread/INFO] [com.mojang.blaze3d.opengl.GlProgram/]: Info log when linking program containing VS neoforge:core/item_unlit and FS minecraft:core/item. Log output: WARNING: Could not find vertex shader attribute 'UV1' to match BindAttributeLocation request.
WARNING: Could not find vertex shader attribute 'Normal' to match BindAttributeLocation request.
WARNING: Could not find vertex shader attribute 'UV2' to match BindAttributeLocation request.

[06Sep2026 15:23:12.711] [Render thread/INFO] [com.mojang.blaze3d.opengl.GlProgram/]: Info log when linking program containing VS minecraft:core/entity and FS minecraft:core/entity. Log output: WARNING: Could not find vertex shader attribute 'UV1' to match BindAttributeLocation request.

[06Sep2026 15:23:12.738] [Render thread/INFO] [com.mojang.blaze3d.opengl.GlProgram/]: Info log when linking program containing VS minecraft:core/entity and FS minecraft:core/entity. Log output: WARNING: Could not find vertex shader attribute 'UV1' to match BindAttributeLocation request.

[06Sep2026 15:23:12.783] [Render thread/INFO] [com.mojang.blaze3d.opengl.GlProgram/]: Info log when linking program containing VS neoforge:core/item_unlit and FS minecraft:core/item. Log output: WARNING: Could not find vertex shader attribute 'UV1' to match BindAttributeLocation request.
WARNING: Could not find vertex shader attribute 'Normal' to match BindAttributeLocation request.
WARNING: Could not find vertex shader attribute 'UV2' to match BindAttributeLocation request.

[06Sep2026 15:23:12.797] [Render thread/INFO] [com.mojang.blaze3d.opengl.GlProgram/]: Info log when linking program containing VS minecraft:core/entity and FS minecraft:core/entity. Log output: WARNING: Could not find vertex shader attribute 'UV1' to match BindAttributeLocation request.

[06Sep2026 15:23:12.803] [Render thread/INFO] [com.mojang.blaze3d.opengl.GlProgram/]: Info log when linking program containing VS minecraft:core/rendertype_beacon_beam and FS minecraft:core/rendertype_beacon_beam. Log output: WARNING: Could not find vertex shader attribute 'UV2' to match BindAttributeLocation request.

[06Sep2026 15:23:12.823] [Render thread/INFO] [com.mojang.blaze3d.opengl.GlProgram/]: Info log when linking program containing VS minecraft:core/entity and FS minecraft:core/entity. Log output: WARNING: Could not find vertex shader attribute 'UV1' to match BindAttributeLocation request.

[06Sep2026 15:23:12.832] [Render thread/INFO] [com.mojang.blaze3d.opengl.GlProgram/]: Info log when linking program containing VS minecraft:core/rendertype_entity_shadow and FS minecraft:core/rendertype_entity_shadow. Log output: WARNING: Could not find vertex shader attribute 'UV1' to match BindAttributeLocation request.
WARNING: Could not find vertex shader attribute 'Normal' to match BindAttributeLocation request.
WARNING: Could not find vertex shader attribute 'UV2' to match BindAttributeLocation request.

[06Sep2026 15:23:12.876] [Render thread/INFO] [com.mojang.blaze3d.opengl.GlProgram/]: Info log when linking program containing VS minecraft:core/rendertype_text_see_through and FS minecraft:core/rendertype_text_see_through. Log output: WARNING: Could not find vertex shader attribute 'UV2' to match BindAttributeLocation request.

[06Sep2026 15:23:12.895] [Render thread/INFO] [com.mojang.blaze3d.opengl.GlProgram/]: Info log when linking program containing VS minecraft:core/rendertype_beacon_beam and FS minecraft:core/rendertype_beacon_beam. Log output: WARNING: Could not find vertex shader attribute 'UV2' to match BindAttributeLocation request.

[06Sep2026 15:23:12.902] [Render thread/INFO] [com.mojang.blaze3d.opengl.GlProgram/]: Info log when linking program containing VS minecraft:core/entity and FS minecraft:core/entity. Log output: WARNING: Could not find vertex shader attribute 'UV2' to match BindAttributeLocation request.

[06Sep2026 15:23:12.908] [Render thread/INFO] [com.mojang.blaze3d.opengl.GlProgram/]: Info log when linking program containing VS minecraft:core/rendertype_crumbling and FS minecraft:core/rendertype_crumbling. Log output: WARNING: Could not find vertex shader attribute 'UV2' to match BindAttributeLocation request.

[06Sep2026 15:23:12.916] [Render thread/INFO] [com.mojang.blaze3d.opengl.GlProgram/]: Info log when linking program containing VS minecraft:core/item and FS minecraft:core/item. Log output: WARNING: Could not find vertex shader attribute 'UV1' to match BindAttributeLocation request.

[06Sep2026 15:23:12.962] [Render thread/INFO] [com.mojang.blaze3d.opengl.GlProgram/]: Info log when linking program containing VS minecraft:core/rendertype_text_intensity_see_through and FS minecraft:core/rendertype_text_intensity_see_through. Log output: WARNING: Could not find vertex shader attribute 'UV2' to match BindAttributeLocation request.

[06Sep2026 15:23:12.970] [Render thread/INFO] [com.mojang.blaze3d.opengl.GlProgram/]: Info log when linking program containing VS minecraft:core/entity and FS minecraft:core/entity. Log output: WARNING: Could not find vertex shader attribute 'UV1' to match BindAttributeLocation request.
WARNING: Could not find vertex shader attribute 'Normal' to match BindAttributeLocation request.
WARNING: Could not find vertex shader attribute 'UV2' to match BindAttributeLocation request.

[06Sep2026 15:23:12.980] [Render thread/INFO] [com.mojang.blaze3d.opengl.GlProgram/]: Info log when linking program containing VS minecraft:core/entity and FS minecraft:core/entity. Log output: WARNING: Could not find vertex shader attribute 'UV1' to match BindAttributeLocation request.

[06Sep2026 15:23:12.984] [Render thread/INFO] [com.mojang.blaze3d.opengl.GlProgram/]: Info log when linking program containing VS minecraft:core/animate_sprite and FS minecraft:core/animate_sprite_blit. Log output: WARNING: Output of vertex shader 'fAnimationProgress' not read by fragment shader

[06Sep2026 15:23:12.991] [Render thread/INFO] [com.mojang.blaze3d.opengl.GlProgram/]: Info log when linking program containing VS minecraft:core/entity and FS minecraft:core/entity. Log output: WARNING: Could not find vertex shader attribute 'UV1' to match BindAttributeLocation request.
WARNING: Could not find vertex shader attribute 'Normal' to match BindAttributeLocation request.

[06Sep2026 15:23:13.025] [Render thread/INFO] [com.mojang.blaze3d.opengl.GlProgram/]: Info log when linking program containing VS minecraft:core/entity and FS minecraft:core/entity. Log output: WARNING: Could not find vertex shader attribute 'UV1' to match BindAttributeLocation request.
WARNING: Could not find vertex shader attribute 'Normal' to match BindAttributeLocation request.
WARNING: Could not find vertex shader attribute 'UV2' to match BindAttributeLocation request.

[06Sep2026 15:23:13.043] [Render thread/INFO] [com.mojang.blaze3d.opengl.GlProgram/]: Info log when linking program containing VS minecraft:core/entity and FS minecraft:core/entity. Log output: WARNING: Could not find vertex shader attribute 'Normal' to match BindAttributeLocation request.

[06Sep2026 15:23:13.047] [Render thread/INFO] [com.mojang.blaze3d.opengl.GlProgram/]: Info log when linking program containing VS minecraft:core/rendertype_text_background_see_through and FS minecraft:core/rendertype_text_background_see_through. Log output: WARNING: Could not find vertex shader attribute 'UV2' to match BindAttributeLocation request.

[06Sep2026 15:23:13.078] [Render thread/INFO] [com.mojang.blaze3d.opengl.GlProgram/]: Info log when linking program containing VS minecraft:core/item and FS minecraft:core/item. Log output: WARNING: Could not find vertex shader attribute 'UV1' to match BindAttributeLocation request.

[06Sep2026 15:23:13.407] [Render thread/INFO] [com.mojang.blaze3d.audio.Library/]: OpenAL initialized on device TCL TS3010
[06Sep2026 15:23:13.413] [Render thread/INFO] [net.minecraft.client.sounds.SoundEngine/SOUNDS]: Sound engine started
[06Sep2026 15:23:13.414] [Render thread/INFO] [net.minecraft.client.renderer.texture.TextureAtlas/]: Created: 512x256x0 minecraft:textures/atlas/particles.png-atlas
[06Sep2026 15:23:13.483] [Render thread/INFO] [net.minecraft.client.renderer.texture.TextureAtlas/]: Created: 128x128x0 minecraft:textures/atlas/decorated_pot.png-atlas
[06Sep2026 15:23:13.489] [Render thread/INFO] [net.minecraft.client.renderer.texture.TextureAtlas/]: Created: 2048x1024x0 minecraft:textures/atlas/armor_trims.png-atlas
[06Sep2026 15:23:13.632] [Render thread/INFO] [net.minecraft.client.renderer.texture.TextureAtlas/]: Created: 512x256x0 minecraft:textures/atlas/paintings.png-atlas
[06Sep2026 15:23:13.641] [Render thread/INFO] [net.minecraft.client.renderer.texture.TextureAtlas/]: Created: 1024x512x0 minecraft:textures/atlas/shield_patterns.png-atlas
[06Sep2026 15:23:13.648] [Render thread/INFO] [net.minecraft.client.renderer.texture.TextureAtlas/]: Created: 1024x1024x2 minecraft:textures/atlas/blocks.png-atlas
[06Sep2026 15:23:13.893] [Render thread/INFO] [net.minecraft.client.renderer.texture.TextureAtlas/]: Created: 512x512x0 minecraft:textures/atlas/chest.png-atlas
[06Sep2026 15:23:13.905] [Render thread/INFO] [net.minecraft.client.renderer.texture.TextureAtlas/]: Created: 256x128x0 minecraft:textures/atlas/celestials.png-atlas
[06Sep2026 15:23:13.908] [Render thread/INFO] [net.minecraft.client.renderer.texture.TextureAtlas/]: Created: 1024x512x0 minecraft:textures/atlas/banner_patterns.png-atlas
[06Sep2026 15:23:13.915] [Render thread/INFO] [net.minecraft.client.renderer.texture.TextureAtlas/]: Created: 512x512x0 minecraft:textures/atlas/beds.png-atlas
[06Sep2026 15:23:13.917] [Render thread/INFO] [net.minecraft.client.renderer.texture.TextureAtlas/]: Created: 1024x1024x0 minecraft:textures/atlas/items.png-atlas
[06Sep2026 15:23:14.057] [Render thread/INFO] [net.minecraft.client.renderer.texture.TextureAtlas/]: Created: 1024x1024x0 minecraft:textures/atlas/gui.png-atlas
[06Sep2026 15:23:14.168] [Render thread/INFO] [net.minecraft.client.renderer.texture.TextureAtlas/]: Created: 128x64x0 minecraft:textures/atlas/map_decorations.png-atlas
[06Sep2026 15:23:14.179] [Render thread/INFO] [net.minecraft.client.renderer.texture.TextureAtlas/]: Created: 512x256x0 minecraft:textures/atlas/signs.png-atlas
[06Sep2026 15:23:14.185] [Render thread/INFO] [net.minecraft.client.renderer.texture.TextureAtlas/]: Created: 512x512x0 minecraft:textures/atlas/shulker_boxes.png-atlas
[06Sep2026 15:23:14.382] [Render thread/INFO] [net.neoforged.neoforge.client.entity.animation.json.AnimationLoader/]: Loaded 0 entity animations
[06Sep2026 15:24:05.204] [Render thread/WARN] [net.neoforged.neoforge.client.gui.ConfigurationScreen.TranslationChecker/]: 
	Dev warning - Untranslated configuration keys encountered. Please translate your configuration keys so users can properly configure your mod.

The following keys have fallbacks. Please check if those are suitable, and translate them if they're not.
  "ferritymod.configuration.section.ferrity.toml.title": "",
  "ferritymod.configuration.provider.tooltip": "",
  "ferritymod.configuration.model.tooltip": "",
  "ferritymod.configuration.section.ferrity.client.toml.title": "",
  "ferritymod.configuration.apikey.tooltip": "",
  "ferritymod.configuration.title": "",
  "ferritymod.configuration.baseurl.tooltip": "",
[06Sep2026 15:24:09.453] [Render thread/INFO] [net.minecraft.client.Minecraft/]: Stopping!
